// Jest Snapshot v1, https://goo.gl/fbAQLP

exports[`Test BreakPoints when the config object is called the breakpoints are given back 1`] = `
Object {
  "l": Object {
    "mediaQuery": "(max-width: 1279px) and (min-width: 1024px)",
    "width": 1024,
  },
  "m": Object {
    "mediaQuery": "(max-width: 1023px) and (min-width: 768px)",
    "width": 768,
  },
  "s": Object {
    "mediaQuery": "(max-width: 767px) and (min-width: 480px)",
    "width": 480,
  },
  "xl": Object {
    "mediaQuery": "(max-width: 1599px) and (min-width: 1280px)",
    "width": 1280,
  },
  "xs": Object {
    "mediaQuery": "(max-width: 479px) and (min-width: 320px)",
    "width": 320,
  },
  "xxl": Object {
    "mediaQuery": "(min-width: 1600px)",
    "width": 1600,
  },
  "xxs": Object {
    "mediaQuery": "(max-width: 319px) and (min-width: 240px)",
    "width": 240,
  },
}
`;
